127.0.0.1 - - [12/Jul/2016:03:55:52 -0700] "GET / HTTP/1.1" 404 951
0:0:0:0:0:0:0:1 - - [12/Jul/2016:03:59:41 -0700] "GET /Project_Demo/NewFile.html HTTP/1.1" 200 430
0:0:0:0:0:0:0:1 - - [12/Jul/2016:03:59:50 -0700] "GET /Project_Demo/FIrstData?username=jhgjgh&password=hgjg HTTP/1.1" 404 995
0:0:0:0:0:0:0:1 - - [12/Jul/2016:04:00:24 -0700] "GET /Project_Demo/NewFile.html HTTP/1.1" 200 429
0:0:0:0:0:0:0:1 - - [12/Jul/2016:04:00:32 -0700] "GET /Project_Demo/FileData?username=jhgjhgjg&password=jghjgj HTTP/1.1" 404 993
0:0:0:0:0:0:0:1 - - [12/Jul/2016:04:01:06 -0700] "GET /Project_Demo/NewFile.html HTTP/1.1" 200 429
0:0:0:0:0:0:0:1 - - [12/Jul/2016:04:01:11 -0700] "GET /Project_Demo/FileData?username=bkbhbh&password=ggkjg HTTP/1.1" 404 993
127.0.0.1 - - [12/Jul/2016:04:01:47 -0700] "GET / HTTP/1.1" 404 951
0:0:0:0:0:0:0:1 - - [12/Jul/2016:04:01:54 -0700] "GET /Project_Demo/FileData?username=ghjjj&password=utfytdyd HTTP/1.1" 404 993
127.0.0.1 - - [12/Jul/2016:04:03:58 -0700] "GET / HTTP/1.1" 404 951
0:0:0:0:0:0:0:1 - - [12/Jul/2016:04:04:07 -0700] "GET /Project_Demo/FileData?username=urkutf&password=uygugujgu HTTP/1.1" 200 6
127.0.0.1 - - [12/Jul/2016:08:38:18 -0700] "GET / HTTP/1.1" 404 951
0:0:0:0:0:0:0:1 - - [12/Jul/2016:08:38:44 -0700] "GET /Project_Demo/NewFile.html HTTP/1.1" 200 6
127.0.0.1 - - [12/Jul/2016:08:40:15 -0700] "GET / HTTP/1.1" 404 951
0:0:0:0:0:0:0:1 - - [12/Jul/2016:08:40:16 -0700] "GET /Project_Demo/NewFile.html HTTP/1.1" 200 429
127.0.0.1 - - [12/Jul/2016:09:18:49 -0700] "GET / HTTP/1.1" 404 951
0:0:0:0:0:0:0:1 - - [12/Jul/2016:09:18:49 -0700] "GET /ServletProject/NewH.html HTTP/1.1" 200 336
0:0:0:0:0:0:0:1 - - [12/Jul/2016:09:20:13 -0700] "GET /ServletProject/NewH.html HTTP/1.1" 200 350
0:0:0:0:0:0:0:1 - - [12/Jul/2016:09:20:15 -0700] "GET /ServletProject/MyDate HTTP/1.1" 404 993
0:0:0:0:0:0:0:1 - - [12/Jul/2016:09:20:21 -0700] "GET /ServletProject/MyDate HTTP/1.1" 404 993
0:0:0:0:0:0:0:1 - - [12/Jul/2016:09:35:00 -0700] "GET /ServletProject/MyDate HTTP/1.1" 404 993
127.0.0.1 - - [12/Jul/2016:09:37:39 -0700] "GET / HTTP/1.1" 404 951
0:0:0:0:0:0:0:1 - - [12/Jul/2016:09:37:40 -0700] "GET /ServletProject/MyDate HTTP/1.1" 404 993
0:0:0:0:0:0:0:1 - - [12/Jul/2016:09:37:48 -0700] "GET /ServletProject/MyDate HTTP/1.1" 404 993
0:0:0:0:0:0:0:1 - - [12/Jul/2016:09:38:00 -0700] "GET /ServletProject/NewH.html HTTP/1.1" 200 356
0:0:0:0:0:0:0:1 - - [12/Jul/2016:09:38:02 -0700] "GET /ServletProject/MyDate HTTP/1.1" 404 993
127.0.0.1 - - [12/Jul/2016:09:41:36 -0700] "GET / HTTP/1.1" 404 951
0:0:0:0:0:0:0:1 - - [12/Jul/2016:09:41:36 -0700] "GET /ServletProject/NewH.html HTTP/1.1" 200 357
0:0:0:0:0:0:0:1 - - [12/Jul/2016:09:41:40 -0700] "GET /ServletProject/LinkGenerate?txt=ff HTTP/1.1" 200 126
127.0.0.1 - - [12/Jul/2016:09:43:13 -0700] "GET / HTTP/1.1" 404 951
0:0:0:0:0:0:0:1 - - [12/Jul/2016:09:43:13 -0700] "GET /ServletProject/LinkGenerate HTTP/1.1" 200 145
127.0.0.1 - - [12/Jul/2016:09:44:04 -0700] "GET / HTTP/1.1" 404 951
0:0:0:0:0:0:0:1 - - [12/Jul/2016:09:44:04 -0700] "GET /ServletProject/LinkGenerate HTTP/1.1" 200 154
127.0.0.1 - - [12/Jul/2016:10:11:07 -0700] "GET / HTTP/1.1" 404 951
0:0:0:0:0:0:0:1 - - [12/Jul/2016:10:11:08 -0700] "GET /LoginProject/LoginView.html HTTP/1.1" 200 484
0:0:0:0:0:0:0:1 - - [12/Jul/2016:10:11:26 -0700] "GET /LoginProject/LoginView?user=user&pwd=dd HTTP/1.1" 500 3286
127.0.0.1 - - [12/Jul/2016:10:13:30 -0700] "GET / HTTP/1.1" 404 951
0:0:0:0:0:0:0:1 - - [12/Jul/2016:10:13:30 -0700] "GET /LoginProject/LoginView.html HTTP/1.1" 304 -
0:0:0:0:0:0:0:1 - - [12/Jul/2016:10:13:44 -0700] "GET /LoginProject/LoginView?user=user&pwd=psd HTTP/1.1" 404 995
0:0:0:0:0:0:0:1 - - [12/Jul/2016:10:15:05 -0700] "GET /LoginProject/LoginView.html HTTP/1.1" 200 484
0:0:0:0:0:0:0:1 - - [12/Jul/2016:10:15:16 -0700] "GET /LoginProject/LoginForm?user=user&pwd=psd HTTP/1.1" 500 26
0:0:0:0:0:0:0:1 - - [12/Jul/2016:10:15:25 -0700] "GET /LoginProject/LoginForm?user=user&pwd=psd HTTP/1.1" 500 26
0:0:0:0:0:0:0:1 - - [12/Jul/2016:10:15:25 -0700] "GET /LoginProject/LoginForm?user=user&pwd=psd HTTP/1.1" 500 26
0:0:0:0:0:0:0:1 - - [12/Jul/2016:10:17:45 -0700] "GET /LoginProject/LoginForm?user=user&pwd=psd HTTP/1.1" 500 26
0:0:0:0:0:0:0:1 - - [12/Jul/2016:10:21:10 -0700] "GET /LoginProject/LoginForm HTTP/1.1" 500 26
0:0:0:0:0:0:0:1 - - [12/Jul/2016:10:21:16 -0700] "GET /LoginProject/LoginForm HTTP/1.1" 500 26
0:0:0:0:0:0:0:1 - - [12/Jul/2016:10:21:35 -0700] "GET /LoginProject/LoginForm HTTP/1.1" 500 26
127.0.0.1 - - [12/Jul/2016:10:22:55 -0700] "GET / HTTP/1.1" 404 951
0:0:0:0:0:0:0:1 - - [12/Jul/2016:10:23:01 -0700] "GET /LoginProject/LoginForm?user=ss&pwd=ss HTTP/1.1" 200 48
0:0:0:0:0:0:0:1 - - [12/Jul/2016:10:23:41 -0700] "GET /LoginProject/LoginForm?user=user&pwd=psd HTTP/1.1" 500 26
0:0:0:0:0:0:0:1 - - [12/Jul/2016:10:23:53 -0700] "GET /LoginProject/LoginForm?user=user&pwd=d HTTP/1.1" 500 26
0:0:0:0:0:0:0:1 - - [12/Jul/2016:10:23:58 -0700] "GET /LoginProject/LoginForm?user=user&pwd=d HTTP/1.1" 500 26
0:0:0:0:0:0:0:1 - - [12/Jul/2016:10:24:18 -0700] "GET /LoginProject/LoginForm?user=dd&pwd=d HTTP/1.1" 200 48
0:0:0:0:0:0:0:1 - - [12/Jul/2016:10:24:40 -0700] "GET /LoginProject/LoginForm?user=user&pwd=psd HTTP/1.1" 500 26
127.0.0.1 - - [12/Jul/2016:10:25:21 -0700] "GET / HTTP/1.1" 404 951
0:0:0:0:0:0:0:1 - - [12/Jul/2016:10:25:26 -0700] "GET /LoginProject/LoginForm?user=ss&pwd=ss HTTP/1.1" 200 48
0:0:0:0:0:0:0:1 - - [12/Jul/2016:10:25:29 -0700] "GET /LoginProject/LoginForm?user=ss&pwd=ss HTTP/1.1" 200 48
0:0:0:0:0:0:0:1 - - [12/Jul/2016:10:25:32 -0700] "GET /LoginProject/LoginForm?user=ss&pwd=ss HTTP/1.1" 200 48
0:0:0:0:0:0:0:1 - - [12/Jul/2016:10:25:41 -0700] "GET /LoginProject/LoginForm?user=ss&pwd= HTTP/1.1" 200 48
0:0:0:0:0:0:0:1 - - [12/Jul/2016:10:25:52 -0700] "GET /LoginProject/LoginForm?user=user&pwd=psd HTTP/1.1" 500 26
0:0:0:0:0:0:0:1 - - [12/Jul/2016:10:26:22 -0700] "GET /LoginProject/LoginForm?user=user&pwd=psd HTTP/1.1" 500 26
0:0:0:0:0:0:0:1 - - [12/Jul/2016:10:26:51 -0700] "GET /LoginProject/LoginForm?user=gg&pwd=gg HTTP/1.1" 200 48
0:0:0:0:0:0:0:1 - - [12/Jul/2016:10:27:31 -0700] "GET /LoginProject/LoginView.html HTTP/1.1" 304 -
0:0:0:0:0:0:0:1 - - [12/Jul/2016:10:27:41 -0700] "GET /LoginProject/LoginForm?user=user&pwd=psd HTTP/1.1" 500 26
0:0:0:0:0:0:0:1 - - [12/Jul/2016:10:27:46 -0700] "GET /LoginProject/LoginForm?user=user&pwd=d HTTP/1.1" 500 26
0:0:0:0:0:0:0:1 - - [12/Jul/2016:10:27:48 -0700] "GET /LoginProject/LoginForm?user=user&pwd=d HTTP/1.1" 500 26
0:0:0:0:0:0:0:1 - - [12/Jul/2016:10:27:54 -0700] "GET /LoginProject/LoginForm?user=user&pwd=dddd HTTP/1.1" 500 26
127.0.0.1 - - [12/Jul/2016:10:28:45 -0700] "GET / HTTP/1.1" 404 951
0:0:0:0:0:0:0:1 - - [12/Jul/2016:10:28:45 -0700] "GET /LoginProject/LoginForm HTTP/1.1" 500 26
0:0:0:0:0:0:0:1 - - [12/Jul/2016:10:28:59 -0700] "GET /LoginProject/LoginView.html HTTP/1.1" 304 -
0:0:0:0:0:0:0:1 - - [12/Jul/2016:10:29:03 -0700] "GET /LoginProject/LoginForm?user=s&pwd=s HTTP/1.1" 200 48
127.0.0.1 - - [12/Jul/2016:10:29:49 -0700] "GET / HTTP/1.1" 404 951
0:0:0:0:0:0:0:1 - - [12/Jul/2016:10:30:02 -0700] "GET /LoginProject/LoginForm?user=user&pwd=pwd HTTP/1.1" 200 49
127.0.0.1 - - [12/Jul/2016:11:10:45 -0700] "GET / HTTP/1.1" 404 951
0:0:0:0:0:0:0:1 - - [12/Jul/2016:11:10:45 -0700] "GET /MyLoginDataBase/Loginpage.html HTTP/1.1" 200 488
0:0:0:0:0:0:0:1 - - [12/Jul/2016:11:11:00 -0700] "GET /MyLoginDataBase/LoginDataForm?user=HR&pwd=password HTTP/1.1" 200 24
0:0:0:0:0:0:0:1 - - [12/Jul/2016:11:11:17 -0700] "GET /MyLoginDataBase/LoginDataForm?user=ss&pwd=ss HTTP/1.1" 200 24
0:0:0:0:0:0:0:1 - - [12/Jul/2016:11:11:40 -0700] "GET /MyLoginDataBase/LoginDataForm?user=ss&pwd=ssssss HTTP/1.1" 200 24
0:0:0:0:0:0:0:1 - - [12/Jul/2016:11:12:02 -0700] "GET /MyLoginDataBase/LoginDataForm?user=ss&pwd=ssssss HTTP/1.1" 200 24
0:0:0:0:0:0:0:1 - - [12/Jul/2016:11:13:29 -0700] "GET /MyLoginDataBase/LoginDataForm?user=seed&pwd=infotech HTTP/1.1" 200 24
127.0.0.1 - - [12/Jul/2016:11:14:15 -0700] "GET / HTTP/1.1" 404 951
0:0:0:0:0:0:0:1 - - [12/Jul/2016:11:14:16 -0700] "GET /MyLoginDataBase/LoginDataForm HTTP/1.1" 200 45
0:0:0:0:0:0:0:1 - - [12/Jul/2016:11:14:25 -0700] "GET /MyLoginDataBase/LoginDataForm HTTP/1.1" 200 45
0:0:0:0:0:0:0:1 - - [12/Jul/2016:11:14:32 -0700] "GET /MyLoginDataBase/LoginDataForm HTTP/1.1" 200 45
0:0:0:0:0:0:0:1 - - [12/Jul/2016:11:15:00 -0700] "GET /MyLoginDataBase/LoginDataForm?user=seed&pwd=infotch HTTP/1.1" 200 45
127.0.0.1 - - [12/Jul/2016:11:15:40 -0700] "GET / HTTP/1.1" 404 951
0:0:0:0:0:0:0:1 - - [12/Jul/2016:11:15:50 -0700] "GET /MyLoginDataBase/LoginDataForm?user=seed&pwd=infotech HTTP/1.1" 200 71
127.0.0.1 - - [12/Jul/2016:11:16:25 -0700] "GET / HTTP/1.1" 404 951
0:0:0:0:0:0:0:1 - - [12/Jul/2016:11:16:33 -0700] "GET /MyLoginDataBase/LoginDataForm?user=seed&pwd=infotch HTTP/1.1" 200 24
127.0.0.1 - - [12/Jul/2016:11:20:01 -0700] "GET / HTTP/1.1" 404 951
0:0:0:0:0:0:0:1 - - [12/Jul/2016:11:20:02 -0700] "GET /MyLoginDataBase/LoginDataForm HTTP/1.1" 200 24
0:0:0:0:0:0:0:1 - - [12/Jul/2016:11:20:08 -0700] "GET /MyLoginDataBase/Loginpage.html HTTP/1.1" 304 -
0:0:0:0:0:0:0:1 - - [12/Jul/2016:11:20:18 -0700] "GET /MyLoginDataBase/LoginDataForm?user=seed&pwd=infotech HTTP/1.1" 200 24
0:0:0:0:0:0:0:1 - - [12/Jul/2016:11:20:42 -0700] "GET /MyLoginDataBase/LoginDataForm?user=seed&pwd=infotech HTTP/1.1" 200 24
127.0.0.1 - - [12/Jul/2016:19:19:36 -0700] "GET / HTTP/1.1" 404 951
0:0:0:0:0:0:0:1 - - [12/Jul/2016:19:19:37 -0700] "GET /ProjectDispachter/servlet/com.Dispatcher.MyDispatcher HTTP/1.1" 404 1057
127.0.0.1 - - [12/Jul/2016:19:36:27 -0700] "GET / HTTP/1.1" 404 951
0:0:0:0:0:0:0:1 - - [12/Jul/2016:19:36:27 -0700] "GET /ProjectDispachter/Dispa.html HTTP/1.1" 200 408
0:0:0:0:0:0:0:1 - - [12/Jul/2016:19:36:38 -0700] "POST /ProjectDispachter/validate HTTP/1.1" 404 1003
127.0.0.1 - - [12/Jul/2016:19:42:13 -0700] "GET / HTTP/1.1" 404 951
0:0:0:0:0:0:0:1 - - [12/Jul/2016:19:42:25 -0700] "POST /ProjectDispachter/validate HTTP/1.1" 500 1370
127.0.0.1 - - [12/Jul/2016:19:44:51 -0700] "GET / HTTP/1.1" 404 951
0:0:0:0:0:0:0:1 - - [12/Jul/2016:19:45:07 -0700] "POST /ProjectDispachter/validate HTTP/1.1" 500 1370
127.0.0.1 - - [12/Jul/2016:19:46:04 -0700] "GET / HTTP/1.1" 404 951
0:0:0:0:0:0:0:1 - - [12/Jul/2016:19:46:18 -0700] "POST /ProjectDispachter/validate HTTP/1.1" 500 18
0:0:0:0:0:0:0:1 - - [12/Jul/2016:19:46:43 -0700] "GET /ProjectDispachter/validate HTTP/1.1" 500 18
0:0:0:0:0:0:0:1 - - [12/Jul/2016:19:46:44 -0700] "GET /ProjectDispachter/validate HTTP/1.1" 500 18
0:0:0:0:0:0:0:1 - - [12/Jul/2016:19:46:45 -0700] "GET /ProjectDispachter/validate HTTP/1.1" 500 18
0:0:0:0:0:0:0:1 - - [12/Jul/2016:19:46:48 -0700] "GET /ProjectDispachter/validate HTTP/1.1" 500 18
127.0.0.1 - - [12/Jul/2016:19:47:16 -0700] "GET / HTTP/1.1" 404 951
0:0:0:0:0:0:0:1 - - [12/Jul/2016:19:47:27 -0700] "POST /ProjectDispachter/validate HTTP/1.1" 500 18
0:0:0:0:0:0:0:1 - - [12/Jul/2016:19:49:08 -0700] "GET /ProjectDispachter/Dispa.html HTTP/1.1" 200 442
0:0:0:0:0:0:0:1 - - [12/Jul/2016:19:49:10 -0700] "GET /ProjectDispachter/Dispa.html HTTP/1.1" 304 -
0:0:0:0:0:0:0:1 - - [12/Jul/2016:19:49:21 -0700] "GET /ProjectDispachter/validate?user=seed&pwd=infotech HTTP/1.1" 500 18
0:0:0:0:0:0:0:1 - - [12/Jul/2016:19:55:42 -0700] "GET /ProjectDispachter/validate?user=seed&pwd=infotech HTTP/1.1" 500 82
0:0:0:0:0:0:0:1 - - [12/Jul/2016:19:55:43 -0700] "GET /ProjectDispachter/validate?user=seed&pwd=infotech HTTP/1.1" 500 82
127.0.0.1 - - [12/Jul/2016:19:56:06 -0700] "GET / HTTP/1.1" 404 951
0:0:0:0:0:0:0:1 - - [12/Jul/2016:19:56:17 -0700] "GET /ProjectDispachter/validate?user=seed&pwd=infotch HTTP/1.1" 500 82
127.0.0.1 - - [12/Jul/2016:19:58:35 -0700] "GET / HTTP/1.1" 404 951
0:0:0:0:0:0:0:1 - - [12/Jul/2016:19:58:45 -0700] "GET /ProjectDispachter/validate?user=seed&pwd=infotch HTTP/1.1" 500 82
0:0:0:0:0:0:0:1 - - [12/Jul/2016:20:00:58 -0700] "GET /ProjectDispachter/validate?user=seed&pwd=infotch HTTP/1.1" 500 82
0:0:0:0:0:0:0:1 - - [12/Jul/2016:20:01:07 -0700] "GET /ProjectDispachter/validate?user=seed&pwd=infotch HTTP/1.1" 500 82
0:0:0:0:0:0:0:1 - - [12/Jul/2016:20:01:07 -0700] "GET /ProjectDispachter/validate?user=seed&pwd=infotch HTTP/1.1" 500 82
127.0.0.1 - - [12/Jul/2016:20:02:28 -0700] "GET / HTTP/1.1" 404 951
0:0:0:0:0:0:0:1 - - [12/Jul/2016:20:02:37 -0700] "GET /ProjectDispachter/validate?user=seed&pwd=infotch HTTP/1.1" 200 18
127.0.0.1 - - [12/Jul/2016:20:04:43 -0700] "GET / HTTP/1.1" 404 951
0:0:0:0:0:0:0:1 - - [12/Jul/2016:20:04:55 -0700] "GET /ProjectDispachter/validate?user=seed&pwd=infotch HTTP/1.1" 200 18
0:0:0:0:0:0:0:1 - - [12/Jul/2016:20:04:58 -0700] "GET /ProjectDispachter/validate?user=seed&pwd=infotch HTTP/1.1" 200 18
0:0:0:0:0:0:0:1 - - [12/Jul/2016:20:09:11 -0700] "GET /ProjectDispachter/validate?user=seed&pwd=infotch HTTP/1.1" 200 18
127.0.0.1 - - [12/Jul/2016:20:10:21 -0700] "GET / HTTP/1.1" 404 951
0:0:0:0:0:0:0:1 - - [12/Jul/2016:20:10:31 -0700] "GET /ProjectDispachter/validate?user=seed&pwd=infotch HTTP/1.1" 200 22
127.0.0.1 - - [12/Jul/2016:20:12:30 -0700] "GET / HTTP/1.1" 404 951
0:0:0:0:0:0:0:1 - - [12/Jul/2016:20:12:39 -0700] "GET /ProjectDispachter/validate?user=seed&pwd=infotch HTTP/1.1" 200 18
127.0.0.1 - - [12/Jul/2016:20:13:09 -0700] "GET / HTTP/1.1" 404 951
0:0:0:0:0:0:0:1 - - [12/Jul/2016:20:13:17 -0700] "GET /ProjectDispachter/validate?user=seed&pwd=infotch HTTP/1.1" 200 29
127.0.0.1 - - [12/Jul/2016:20:14:20 -0700] "GET / HTTP/1.1" 404 951
0:0:0:0:0:0:0:1 - - [12/Jul/2016:20:14:28 -0700] "GET /ProjectDispachter/validate?user=seed&pwd=infotch HTTP/1.1" 500 18
127.0.0.1 - - [12/Jul/2016:20:15:02 -0700] "GET / HTTP/1.1" 404 951
0:0:0:0:0:0:0:1 - - [12/Jul/2016:20:15:12 -0700] "GET /ProjectDispachter/validate?user=seed&pwd=infotch HTTP/1.1" 500 18
127.0.0.1 - - [12/Jul/2016:20:16:41 -0700] "GET / HTTP/1.1" 404 951
0:0:0:0:0:0:0:1 - - [12/Jul/2016:20:16:51 -0700] "GET /ProjectDispachter/validate?user=seed&pwd=infotch HTTP/1.1" 200 18
0:0:0:0:0:0:0:1 - - [12/Jul/2016:20:16:53 -0700] "GET /ProjectDispachter/validate?user=seed&pwd=infotch HTTP/1.1" 200 18
0:0:0:0:0:0:0:1 - - [12/Jul/2016:20:18:19 -0700] "GET /ProjectDispachter/validate?user=seed&pwd=infotch HTTP/1.1" 200 18
0:0:0:0:0:0:0:1 - - [12/Jul/2016:20:18:44 -0700] "GET /ProjectDispachter/Dispa.html HTTP/1.1" 304 -
0:0:0:0:0:0:0:1 - - [12/Jul/2016:20:18:53 -0700] "GET /ProjectDispachter/validate?user=seed&pwd=infotch HTTP/1.1" 200 18
0:0:0:0:0:0:0:1 - - [12/Jul/2016:20:18:56 -0700] "GET /ProjectDispachter/validate?user=seed&pwd=infotch HTTP/1.1" 200 18
0:0:0:0:0:0:0:1 - - [12/Jul/2016:20:18:56 -0700] "GET /ProjectDispachter/validate?user=seed&pwd=infotch HTTP/1.1" 200 18
0:0:0:0:0:0:0:1 - - [12/Jul/2016:20:18:56 -0700] "GET /ProjectDispachter/validate?user=seed&pwd=infotch HTTP/1.1" 200 18
0:0:0:0:0:0:0:1 - - [12/Jul/2016:20:18:57 -0700] "GET /ProjectDispachter/validate?user=seed&pwd=infotch HTTP/1.1" 200 18
0:0:0:0:0:0:0:1 - - [12/Jul/2016:20:18:57 -0700] "GET /ProjectDispachter/validate?user=seed&pwd=infotch HTTP/1.1" 200 18
0:0:0:0:0:0:0:1 - - [12/Jul/2016:20:18:57 -0700] "GET /ProjectDispachter/validate?user=seed&pwd=infotch HTTP/1.1" 200 18
0:0:0:0:0:0:0:1 - - [12/Jul/2016:20:18:57 -0700] "GET /ProjectDispachter/validate?user=seed&pwd=infotch HTTP/1.1" 200 18
127.0.0.1 - - [12/Jul/2016:20:21:04 -0700] "GET / HTTP/1.1" 404 951
0:0:0:0:0:0:0:1 - - [12/Jul/2016:20:21:12 -0700] "GET /ProjectDispachter/validate?user=seed&pwd=infotch HTTP/1.1" 200 19
127.0.0.1 - - [12/Jul/2016:20:22:20 -0700] "GET / HTTP/1.1" 404 951
0:0:0:0:0:0:0:1 - - [12/Jul/2016:20:22:29 -0700] "GET /ProjectDispachter/validate?user=seed&pwd=infotch HTTP/1.1" 200 18
127.0.0.1 - - [12/Jul/2016:20:23:45 -0700] "GET / HTTP/1.1" 404 951
0:0:0:0:0:0:0:1 - - [12/Jul/2016:20:23:52 -0700] "GET /ProjectDispachter/validate?user=seed&pwd=infotch HTTP/1.1" 200 18
127.0.0.1 - - [12/Jul/2016:20:24:45 -0700] "GET / HTTP/1.1" 404 951
0:0:0:0:0:0:0:1 - - [12/Jul/2016:20:24:52 -0700] "GET /ProjectDispachter/validate?user=seed&pwd=infotch HTTP/1.1" 500 82
127.0.0.1 - - [12/Jul/2016:20:25:29 -0700] "GET / HTTP/1.1" 404 951
0:0:0:0:0:0:0:1 - - [12/Jul/2016:20:25:37 -0700] "GET /ProjectDispachter/validate?user=seed&pwd=infotch HTTP/1.1" 200 19
0:0:0:0:0:0:0:1 - - [12/Jul/2016:20:25:48 -0700] "GET /ProjectDispachter/validate?user=seed&pwd=fff HTTP/1.1" 500 82
0:0:0:0:0:0:0:1 - - [12/Jul/2016:20:26:36 -0700] "GET /ProjectDispachter/validate?user=s&pwd=s HTTP/1.1" 500 82
127.0.0.1 - - [12/Jul/2016:20:27:27 -0700] "GET / HTTP/1.1" 404 951
0:0:0:0:0:0:0:1 - - [12/Jul/2016:20:27:33 -0700] "GET /ProjectDispachter/validate?user=se&pwd=d HTTP/1.1" 200 524
0:0:0:0:0:0:0:1 - - [12/Jul/2016:20:28:49 -0700] "GET /MyLoginDataBase/Loginpage.html HTTP/1.1" 304 -
0:0:0:0:0:0:0:1 - - [12/Jul/2016:20:29:11 -0700] "GET /MyLoginDataBase/LoginDataForm?user=HR&pwd=password HTTP/1.1" 200 24
